// Jest Snapshot v1, https://goo.gl/fbAQLP

exports[`FeaturedFilm matches the snapshot 1`] = `
<section
  className="film-container"
>
  <Crawl
    text="Turmoil has engulfed the
Galactic Republic. The taxation
of trade routes to outlying star
systems is in dispute.

Hoping to resolve the matter
with a blockade of deadly
battleships, the greedy â€¦"
    title="The Phantom Menace"
  />
  <article
    className="film-info"
  >
    <h3
      className="film-title"
    >
      The Phantom Menace
    </h3>
    <h4
      className="subtitle"
    />
    <h5
      className="release-year"
    >
      1999
    </h5>
  </article>
</section>
`;
